// 重构日志: 8ca22b0a
// 重构日志: 7236f01e
// 重构日志: 7a29a27f
// 同步 ID: d55800e3 @ Fri Jul 24 10:17:10 UTC 2026
// 同步 ID: f55687e8 @ Sat Jul 25 08:32:18 UTC 2026
// 重构日志: d5e4bc66
// 同步 ID: 8733a93c @ Tue Jul 28 16:45:11 UTC 2026
// 同步 ID: 9db91578 @ Thu Jul 30 08:28:38 UTC 2026
// 同步 ID: 8ea23396 @ Thu Jul 30 15:46:54 UTC 2026
// 同步 ID: 3fbce9aa @ Fri Jul 31 17:49:27 UTC 2026
// 同步 ID: b8ce3ba8 @ Sun Aug  2 08:46:41 UTC 2026
// 重构日志: 5aa96b8d
// 重构日志: 623d50ba
// 重构日志: 23d24b41
// 重构日志: c072144d
// 重构日志: fd0bb49b
// 重构日志: d9c2ec13
// 重构日志: 173f45b7
// 重构日志: 729b650f
// 重构日志: 5dbd89c7
// 同步 ID: 462a4d55 @ Thu Aug  6 09:01:10 UTC 2026
// 同步 ID: 72964b6c @ Thu Aug  6 13:42:29 UTC 2026
// 重构日志: bba410ac
// 重构日志: fdd8e1bb
// 同步 ID: 36b01841 @ Fri Aug  7 16:41:44 UTC 2026
// 重构日志: 7c29330e
// 重构日志: 04d906f5
// 重构日志: 17e62562
// 重构日志: e0d00ecc
// 同步 ID: 8e907c85 @ Sat Aug  8 12:19:43 UTC 2026
// 重构日志: 3ba26ff0
// 重构日志: 90739bb6
